// Jest Snapshot v1, https://goo.gl/fbAQLP

exports[`should render navbar component 1`] = `
.c0 {
  display: -webkit-box;
  display: -webkit-flex;
  display: -ms-flexbox;
  display: flex;
  -webkit-box-pack: center;
  -webkit-justify-content: center;
  -ms-flex-pack: center;
  justify-content: center;
  position: fixed;
  padding: 2rem 0;
  top: 0;
  background-color: transparent;
  font-family: "Montserrat",sans-serif;
  min-height: 10vh;
  width: 100%;
  z-index: 999;
}

.c1 {
  display: -webkit-box;
  display: -webkit-flex;
  display: -ms-flexbox;
  display: flex;
  -webkit-box-pack: justify;
  -webkit-justify-content: space-between;
  -ms-flex-pack: justify;
  justify-content: space-between;
  width: 90%;
  margin: auto;
  -webkit-flex-wrap: wrap;
  -ms-flex-wrap: wrap;
  flex-wrap: wrap;
  -webkit-align-items: center;
  -webkit-box-align: center;
  -ms-flex-align: center;
  align-items: center;
}

.c2 {
  color: white;
  font-size: 2rem;
  font-weight: 400;
  -webkit-text-decoration: none;
  text-decoration: none;
  text-align: center;
}

.c3 {
  display: none;
  -webkit-flex-direction: column;
  -ms-flex-direction: column;
  flex-direction: column;
  cursor: pointer;
}

.c3 span {
  height: 2px;
  width: 25px;
  background: white;
  margin-bottom: 4px;
  border-radius: 5px;
}

.c4 {
  display: -webkit-box;
  display: -webkit-flex;
  display: -ms-flexbox;
  display: flex;
  -webkit-box-pack: justify;
  -webkit-justify-content: space-between;
  -ms-flex-pack: justify;
  justify-content: space-between;
  color: #ffffff;
  position: relative;
  width: 40rem;
  -webkit-align-items: center;
  -webkit-box-align: center;
  -ms-flex-align: center;
  align-items: center;
}

.c5 {
  color: #ffffff;
  font-size: 1.8rem;
  font-weight: 100;
  -webkit-letter-spacing: 0.2rem;
  -moz-letter-spacing: 0.2rem;
  -ms-letter-spacing: 0.2rem;
  letter-spacing: 0.2rem;
  -webkit-text-decoration: none;
  text-decoration: none;
  text-align: center;
  position: relative;
}

.c5::after {
  content: "";
  position: absolute;
  border-bottom: 0.019rem solid white;
  bottom: 0;
  left: 0;
  width: 100%;
  -webkit-transform-origin: right;
  -ms-transform-origin: right;
  transform-origin: right;
  -webkit-transform: scaleX(0);
  -ms-transform: scaleX(0);
  transform: scaleX(0);
  -webkit-transition: -webkit-transform 250ms ease-in;
  -webkit-transition: transform 250ms ease-in;
  transition: transform 250ms ease-in;
}

.c5:hover::after {
  -webkit-transform: scaleX(1);
  -ms-transform: scaleX(1);
  transform: scaleX(1);
  -webkit-transform-origin: left;
  -ms-transform-origin: left;
  transform-origin: left;
}

@media screen and (max-width:768px) {
  .c1 {
    padding: 1rem 0;
    width: 100%;
    margin: 0;
  }
}

@media screen and (max-width:768px) {
  .c2 {
    padding: 0 0 2rem 4rem;
  }
}

@media (max-width:768px) {
  .c3 {
    display: -webkit-box;
    display: -webkit-flex;
    display: -ms-flexbox;
    display: flex;
    padding: 0 4rem 2rem 0;
  }
}

@media (max-width:768px) {
  .c4 {
    overflow: hidden;
    -webkit-flex-direction: column;
    -ms-flex-direction: column;
    flex-direction: column;
    width: 100%;
    max-height: 0px;
    -webkit-transition: max-height 300ms ease-in;
    transition: max-height 300ms ease-in;
    background-color: #353535;
  }
}

@media screen and (max-width:768px) {
  .c5 {
    padding: 2rem 0rem;
  }

  .c5:hover::after {
    -webkit-transform: scaleX(0);
    -ms-transform: scaleX(0);
    transform: scaleX(0);
  }
}

<header
  class="c0"
>
  <nav
    class="c1"
    data-testid="nav"
  >
    <a
      aria-current="page"
      class="c2 active"
      data-testid="logo"
      href="/"
    >
      <h3>
        LOGO
      </h3>
    </a>
    <div
      class="c3"
    >
      <span />
      <span />
      <span />
    </div>
    <div
      class="c4"
    >
      <a
        class="c5"
        data-testid="about"
        href="/about"
      >
        ABOUT
      </a>
      <a
        class="c5"
        href="/services"
      >
        SERVICES
      </a>
      <a
        class="c5"
        href="/contact"
      >
        CONTACT
      </a>
    </div>
  </nav>
</header>
`;
