// Jest Snapshot v1, https://goo.gl/fbAQLP

exports[`<PhotoShootStep /> should render <PhotoShootStep /> with data populated 1`] = `
.c0 {
  display: -webkit-box;
  display: -webkit-flex;
  display: -ms-flexbox;
  display: flex;
  -webkit-flex-direction: column;
  -ms-flex-direction: column;
  flex-direction: column;
  background: rgb(240,238,236);
  padding: 14vh 0 8vh 0;
  position: relative;
  -webkit-flex-wrap: wrap;
  -ms-flex-wrap: wrap;
  flex-wrap: wrap;
}

.c0::before {
  content: "";
  display: none;
  position: absolute;
  top: -1%;
  left: 50%;
  -webkit-transform: translate(-50%,1%);
  -ms-transform: translate(-50%,1%);
  transform: translate(-50%,1%);
  width: 0;
  height: 0;
  border-top: 6vh solid #dbd8c7;
  border-left: 3vh solid transparent;
  border-right: 3vh solid transparent;
}

.c0 > * {
  -webkit-flex: 1 0 50%;
  -ms-flex: 1 0 50%;
  flex: 1 0 50%;
}

.c1 {
  color: black;
  display: -webkit-box;
  display: -webkit-flex;
  display: -ms-flexbox;
  display: flex;
  -webkit-flex-direction: column;
  -ms-flex-direction: column;
  flex-direction: column;
  -webkit-align-items: center;
  -webkit-box-align: center;
  -ms-flex-align: center;
  align-items: center;
  -webkit-box-pack: center;
  -webkit-justify-content: center;
  -ms-flex-pack: center;
  justify-content: center;
}

.c9 {
  background-image: url(photoshoot_img.jpeg);
  background-size: cover;
  background-position: center;
  background-repeat: no-repeat;
  width: 100%;
  padding-top: 125%;
}

.c5 {
  display: -webkit-box;
  display: -webkit-flex;
  display: -ms-flexbox;
  display: flex;
  -webkit-flex-direction: column;
  -ms-flex-direction: column;
  flex-direction: column;
  -webkit-align-content: left;
  -ms-flex-line-pack: left;
  align-content: left;
}

.c2 {
  position: relative;
  display: -webkit-box;
  display: -webkit-flex;
  display: -ms-flexbox;
  display: flex;
  -webkit-flex-direction: column;
  -ms-flex-direction: column;
  flex-direction: column;
}

.c3 {
  font-family: var(--ff-secondary);
  font-size: 4.2rem;
  font-weight: lighter;
  text-align: left;
  line-height: 1.2;
  padding: 5rem 0 1rem 0;
}

.c4 {
  font-family: var(--ff-primary);
  font-size: clamp(1.5rem,1.2vw,7.8rem);
  margin-bottom: 10%;
}

.c4 span {
  color: #9a6130;
  font-weight: 600;
}

.c6 {
  font-family: var(--ff-primary);
  counter-reset: counterName;
}

.c7 {
  font-size: clamp(1.2rem,0.8vw,5.2rem);
  font-weight: 200;
  margin: 2em 0;
  position: relative;
  left: 10%;
  padding-left: 2em;
}

.c7::before {
  counter-increment: counterName;
  content: "0" counter(counterName) ". ";
  font-size: clamp(1rem,0.8vw,4.5rem);
  position: absolute;
  left: -10%;
}

.c8 {
  cursor: pointer;
  background-color: #9a6130;
  border: none;
  font-family: var(--ff-primary);
  font-size: clamp(1rem,1vw,6rem);
  font-weight: 400;
  padding: 1.4em 1em;
  width: 40%;
  min-width: 100px;
  position: relative;
  margin-top: 5%;
  margin-left: 4.5em;
  box-shadow: rgba(17,17,26,0.33) 0px 4px 16px, rgba(17,17,26,0) 0px 8px 32px;
}

.c8::before {
  position: absolute;
  left: 120%;
  font-size: clamp(0.9rem,0.5vw,5rem);
  width: 100%;
  text-align: left;
  line-height: 1.5;
  -webkit-letter-spacing: 0.5px;
  -moz-letter-spacing: 0.5px;
  -ms-letter-spacing: 0.5px;
  letter-spacing: 0.5px;
  font-weight: 200;
  width: 80%;
  min-width: 100px;
  content: "Lorem ipsum dolor sit amet,consetetu";
}

.c11 {
  position: absolute;
  bottom: -0.5%;
  left: 0;
  width: 100%;
  overflow: hidden;
  line-height: 0;
  -webkit-transform: rotate(180deg);
  -ms-transform: rotate(180deg);
  transform: rotate(180deg);
}

.c11 svg {
  position: relative;
  display: block;
  width: calc(100% + 1.3px);
  height: 15.36vh;
}

.c11 path {
  fill: #111112;
}

.c10 {
  margin-top: 15em;
}

@media screen and (min-width:768px) {
  .c0 {
    -webkit-flex-direction: row;
    -ms-flex-direction: row;
    flex-direction: row;
  }
}

@media screen and (min-width:768px) {
  .c3 {
    font-size: clamp(3.2rem,5vw,32rem);
    padding: 0;
  }
}

<div>
  <section
    class="c0"
  >
    <div
      class="c1"
    >
      <div
        class=""
      >
        <div
          class="c2"
        >
          <h1
            class="c3"
          >
            This block is a title
          </h1>
          <p
            class="c4"
          >
            Subtitle here
          </p>
        </div>
        <div
          class="c5"
        >
          <ul
            class="c6"
          >
            <p
              class="c7"
            >
              LET'S TALK ABOUT THE PHOTOSHOOT
            </p>
            <p
              class="c7"
            >
              RESERVE YOUR DATE
            </p>
            <p
              class="c7"
            >
              YOUR OUTFIT OF THE DAY
            </p>
            <p
              class="c7"
            >
              LOREM IPSUM DOLOR AMET, CONSETETUR
            </p>
            <p
              class="c7"
            >
              AT VERO EOS ET ACCUSAM ET JUSTO DUO
            </p>
          </ul>
          <button
            class="c8"
          >
            Contact me
          </button>
        </div>
      </div>
    </div>
    <div
      class=""
    >
      <div
        class="c9"
        src="photoshoot_img.jpeg"
      />
    </div>
    <div
      class="c10"
    >
      <div
        class="c11"
      >
        Svg content here
      </div>
    </div>
  </section>
</div>
`;

exports[`<PhotoShootStep /> should render <PhotoShootStep /> with data populated 2`] = `
.c0 {
  display: -webkit-box;
  display: -webkit-flex;
  display: -ms-flexbox;
  display: flex;
  -webkit-flex-direction: column;
  -ms-flex-direction: column;
  flex-direction: column;
  background: rgb(240,238,236);
  padding: 14vh 0 8vh 0;
  position: relative;
  -webkit-flex-wrap: wrap;
  -ms-flex-wrap: wrap;
  flex-wrap: wrap;
}

.c0::before {
  content: "";
  display: none;
  position: absolute;
  top: -1%;
  left: 50%;
  -webkit-transform: translate(-50%,1%);
  -ms-transform: translate(-50%,1%);
  transform: translate(-50%,1%);
  width: 0;
  height: 0;
  border-top: 6vh solid #dbd8c7;
  border-left: 3vh solid transparent;
  border-right: 3vh solid transparent;
}

.c0 > * {
  -webkit-flex: 1 0 50%;
  -ms-flex: 1 0 50%;
  flex: 1 0 50%;
}

@media screen and (min-width:768px) {
  .c0 {
    -webkit-flex-direction: row;
    -ms-flex-direction: row;
    flex-direction: row;
  }
}

<div>
  <section
    class="c0"
  />
</div>
`;
